// Jest Snapshot v1, https://goo.gl/fbAQLP

exports[`Footer should renders default 1`] = `
<footer
  className="text-muted"
>
  <div
    className="container"
  >
    <p
      className="float-right"
    >
      <a
        href="#top"
      >
        Back to top
      </a>
    </p>
    <p>
      Sorabel - this is project for coding skill test by Garry Priambudi
    </p>
    <p>
      My Github?
       
      <a
        href="https://github.com/GarryLaly"
      >
        https://github.com/GarryLaly
      </a>
      .
    </p>
  </div>
</footer>
`;
